/ssd/scxi253/sgi-v42-http-ownership/full/python/sglang/srt/layers/quantization/awq/awq.py:53: UserWarning: Only CUDA, HIP and XPU support AWQ currently.
  warnings.warn(f"Only CUDA, HIP and XPU support AWQ currently.")
/ssd/scxi253/sgi-v42-http-ownership/full/python/sglang/srt/layers/quantization/gguf.py:69: UserWarning: Only CUDA, MUSA and NPU support GGUF quantization currently.
  warnings.warn(f"Only CUDA, MUSA and NPU support GGUF quantization currently.")
test_abort_includes_prompt_token_ids_only_when_requested (__main__.TestAbortOutputPayload.test_abort_includes_prompt_token_ids_only_when_requested)
The abort chunk carries prompt_token_ids captured at tokenization, ... [CI Test Method] TestAbortOutputPayload.test_abort_includes_prompt_token_ids_only_when_requested
ok
test_abort_output_ids_match_the_streaming_mode (__main__.TestAbortOutputPayload.test_abort_output_ids_match_the_streaming_mode)
Only incremental streaming collapses the abort chunk to the last ... [CI Test Method] TestAbortOutputPayload.test_abort_output_ids_match_the_streaming_mode
ok
test_absent_at_start_then_replacement_appears_is_not_aborted (__main__.TestDelayedAbortOwnership.test_absent_at_start_then_replacement_appears_is_not_aborted) ... [CI Test Method] TestDelayedAbortOwnership.test_absent_at_start_then_replacement_appears_is_not_aborted
ok
test_batch_aborts_only_members_still_owned_by_original_generation (__main__.TestDelayedAbortOwnership.test_batch_aborts_only_members_still_owned_by_original_generation) ... [CI Test Method] TestDelayedAbortOwnership.test_batch_aborts_only_members_still_owned_by_original_generation
ok
test_delayed_cleanup_does_not_retain_completed_state (__main__.TestDelayedAbortOwnership.test_delayed_cleanup_does_not_retain_completed_state) ... [CI Test Method] TestDelayedAbortOwnership.test_delayed_cleanup_does_not_retain_completed_state
ok
test_finished_or_removed_original_is_not_aborted (__main__.TestDelayedAbortOwnership.test_finished_or_removed_original_is_not_aborted) ... [CI Test Method] TestDelayedAbortOwnership.test_finished_or_removed_original_is_not_aborted
ok
test_original_live_request_is_still_aborted (__main__.TestDelayedAbortOwnership.test_original_live_request_is_still_aborted) ... [CI Test Method] TestDelayedAbortOwnership.test_original_live_request_is_still_aborted
ok
test_parallel_sample_replacement_is_not_aborted (__main__.TestDelayedAbortOwnership.test_parallel_sample_replacement_is_not_aborted) ... [CI Test Method] TestDelayedAbortOwnership.test_parallel_sample_replacement_is_not_aborted
ok
test_parallel_samples_are_owned_after_parent_state_is_removed (__main__.TestDelayedAbortOwnership.test_parallel_samples_are_owned_after_parent_state_is_removed) ... [CI Test Method] TestDelayedAbortOwnership.test_parallel_samples_are_owned_after_parent_state_is_removed
ok
test_parallel_sampling_handler_registers_expanded_requests (__main__.TestDelayedAbortOwnership.test_parallel_sampling_handler_registers_expanded_requests) ... [CI Test Method] TestDelayedAbortOwnership.test_parallel_sampling_handler_registers_expanded_requests
ok
test_removed_parallel_sample_is_ignored (__main__.TestDelayedAbortOwnership.test_removed_parallel_sample_is_ignored) ... [CI Test Method] TestDelayedAbortOwnership.test_removed_parallel_sample_is_ignored
ok
test_replacement_present_before_cleanup_starts_is_not_aborted (__main__.TestDelayedAbortOwnership.test_replacement_present_before_cleanup_starts_is_not_aborted) ... [CI Test Method] TestDelayedAbortOwnership.test_replacement_present_before_cleanup_starts_is_not_aborted
ok
test_request_cleanup_metadata_preserves_request_pickling (__main__.TestDelayedAbortOwnership.test_request_cleanup_metadata_preserves_request_pickling) ... [CI Test Method] TestDelayedAbortOwnership.test_request_cleanup_metadata_preserves_request_pickling
ok
test_reused_rid_does_not_abort_replacement (__main__.TestDelayedAbortOwnership.test_reused_rid_does_not_abort_replacement) ... [CI Test Method] TestDelayedAbortOwnership.test_reused_rid_does_not_abort_replacement
ok
test_same_request_object_new_state_generation_is_not_aborted (__main__.TestDelayedAbortOwnership.test_same_request_object_new_state_generation_is_not_aborted) ... [CI Test Method] TestDelayedAbortOwnership.test_same_request_object_new_state_generation_is_not_aborted
ok
test_undispatched_owned_request_is_released_locally (__main__.TestDelayedAbortOwnership.test_undispatched_owned_request_is_released_locally) ... [CI Test Method] TestDelayedAbortOwnership.test_undispatched_owned_request_is_released_locally
ok
test_cancel_after_dispatch_sends_abort_and_keeps_state (__main__.TestDisconnectAfterDispatchAbortsRequest.test_cancel_after_dispatch_sends_abort_and_keeps_state) ... [CI Test Method] TestDisconnectAfterDispatchAbortsRequest.test_cancel_after_dispatch_sends_abort_and_keeps_state
ok
test_abort_and_shutdown_errors_wake_engine_iterator (__main__.TestEngineResponseWait.test_abort_and_shutdown_errors_wake_engine_iterator) ... ok
test_available_and_later_outputs_keep_order (__main__.TestEngineResponseWait.test_available_and_later_outputs_keep_order) ... ok
test_cancelling_pending_wait_removes_event_waiter (__main__.TestEngineResponseWait.test_cancelling_pending_wait_removes_event_waiter) ... ok
test_http_timeout_still_checks_disconnection (__main__.TestEngineResponseWait.test_http_timeout_still_checks_disconnection) ... ok
test_batch_failure_before_dispatch_cleans_up_all (__main__.TestGenerateRequestCleanupOnDispatchFailure.test_batch_failure_before_dispatch_cleans_up_all) ... [CI Test Method] TestGenerateRequestCleanupOnDispatchFailure.test_batch_failure_before_dispatch_cleans_up_all
ok
test_parallel_sampling_failure_cleans_generated_rid (__main__.TestGenerateRequestCleanupOnDispatchFailure.test_parallel_sampling_failure_cleans_generated_rid) ... [CI Test Method] TestGenerateRequestCleanupOnDispatchFailure.test_parallel_sampling_failure_cleans_generated_rid
ok
test_single_failure_before_dispatch_cleans_up (__main__.TestGenerateRequestCleanupOnDispatchFailure.test_single_failure_before_dispatch_cleans_up) ... [CI Test Method] TestGenerateRequestCleanupOnDispatchFailure.test_single_failure_before_dispatch_cleans_up
ok
test_thinking_budget_rejects_runtime_without_strict_thinking (__main__.TestGenerateRequestCleanupOnDispatchFailure.test_thinking_budget_rejects_runtime_without_strict_thinking) ... [CI Test Method] TestGenerateRequestCleanupOnDispatchFailure.test_thinking_budget_rejects_runtime_without_strict_thinking
ok
test_duplicate_rid_raises_error (__main__.TestInitReqStateDuplicateDetection.test_duplicate_rid_raises_error)
_init_req_state should raise ValueError if rid already exists. ... [CI Test Method] TestInitReqStateDuplicateDetection.test_duplicate_rid_raises_error
ok
test_unique_rid_succeeds (__main__.TestInitReqStateDuplicateDetection.test_unique_rid_succeeds)
_init_req_state should succeed with a unique rid. ... [CI Test Method] TestInitReqStateDuplicateDetection.test_unique_rid_succeeds
ok
test_falls_back_to_arrival_without_scheduler_time (__main__.TestNonStreamingFirstTokenTime.test_falls_back_to_arrival_without_scheduler_time) ... [CI Test Method] TestNonStreamingFirstTokenTime.test_falls_back_to_arrival_without_scheduler_time
ok
test_non_streaming_uses_scheduler_time (__main__.TestNonStreamingFirstTokenTime.test_non_streaming_uses_scheduler_time) ... [CI Test Method] TestNonStreamingFirstTokenTime.test_non_streaming_uses_scheduler_time
ok
test_streaming_uses_arrival_time (__main__.TestNonStreamingFirstTokenTime.test_streaming_uses_arrival_time) ... [CI Test Method] TestNonStreamingFirstTokenTime.test_streaming_uses_arrival_time
ok
test_failing_choice_cancels_and_closes_sibling_waiters (__main__.TestParallelStreamTaskCleanup.test_failing_choice_cancels_and_closes_sibling_waiters) ... [CI Test Method] TestParallelStreamTaskCleanup.test_failing_choice_cancels_and_closes_sibling_waiters
ok
test_failing_non_stream_choice_cancels_and_closes_sibling_waiters (__main__.TestParallelStreamTaskCleanup.test_failing_non_stream_choice_cancels_and_closes_sibling_waiters) ... [CI Test Method] TestParallelStreamTaskCleanup.test_failing_non_stream_choice_cancels_and_closes_sibling_waiters
ok
test_abort_failure_does_not_stop_cleanup (__main__.TestReleaseReqStatesOnFailure.test_abort_failure_does_not_stop_cleanup) ... [CI Test Method] TestReleaseReqStatesOnFailure.test_abort_failure_does_not_stop_cleanup
ok
test_dispatched_batch_aborts_delivered_and_drops_rest (__main__.TestReleaseReqStatesOnFailure.test_dispatched_batch_aborts_delivered_and_drops_rest) ... [CI Test Method] TestReleaseReqStatesOnFailure.test_dispatched_batch_aborts_delivered_and_drops_rest
ok
test_dispatched_single_is_aborted_and_state_kept (__main__.TestReleaseReqStatesOnFailure.test_dispatched_single_is_aborted_and_state_kept) ... [CI Test Method] TestReleaseReqStatesOnFailure.test_dispatched_single_is_aborted_and_state_kept
ok
test_ignores_already_removed (__main__.TestReleaseReqStatesOnFailure.test_ignores_already_removed)
A rid that is no longer present must not raise. ... [CI Test Method] TestReleaseReqStatesOnFailure.test_ignores_already_removed
ok
test_undelivered_batch_removes_all (__main__.TestReleaseReqStatesOnFailure.test_undelivered_batch_removes_all) ... [CI Test Method] TestReleaseReqStatesOnFailure.test_undelivered_batch_removes_all
ok
test_undelivered_single_is_dropped (__main__.TestReleaseReqStatesOnFailure.test_undelivered_single_is_dropped) ... [CI Test Method] TestReleaseReqStatesOnFailure.test_undelivered_single_is_dropped
ok
test_multi_batch_records_only_completed_decode (__main__.TestRequestTpotGating.test_multi_batch_records_only_completed_decode) ... [CI Test Method] TestRequestTpotGating.test_multi_batch_records_only_completed_decode
ok
test_single_batch_finish (__main__.TestRequestTpotGating.test_single_batch_finish) ... [CI Test Method] TestRequestTpotGating.test_single_batch_finish
ok
test_abort_then_resubmit_same_rid (__main__.TestResubmitAfterCompletion.test_abort_then_resubmit_same_rid)
An aborted request should allow resubmission with the same rid. ... [CI Test Method] TestResubmitAfterCompletion.test_abort_then_resubmit_same_rid
ok
test_complete_then_resubmit_same_rid (__main__.TestResubmitAfterCompletion.test_complete_then_resubmit_same_rid)
A request that completes normally should allow resubmission with the same rid. ... [CI Test Method] TestResubmitAfterCompletion.test_complete_then_resubmit_same_rid
ok
test_abort_allows_resubmit_same_rid (__main__.TestRidToStateCleanupOnAbort.test_abort_allows_resubmit_same_rid)
After abort, _init_req_state should accept the same rid again. ... [CI Test Method] TestRidToStateCleanupOnAbort.test_abort_allows_resubmit_same_rid
ok
test_abort_removes_rid_from_state (__main__.TestRidToStateCleanupOnAbort.test_abort_removes_rid_from_state)
After _handle_abort_req, rid should be removed from rid_to_state. ... [CI Test Method] TestRidToStateCleanupOnAbort.test_abort_removes_rid_from_state
ok
test_abort_sets_finished_and_notifies (__main__.TestRidToStateCleanupOnAbort.test_abort_sets_finished_and_notifies)
_handle_abort_req should mark state as finished and set the event. ... [CI Test Method] TestRidToStateCleanupOnAbort.test_abort_sets_finished_and_notifies
ok
test_batch_output_allows_resubmit_after_finish (__main__.TestRidToStateCleanupOnBatchOutput.test_batch_output_allows_resubmit_after_finish)
After a request finishes, the same rid can be resubmitted. ... [CI Test Method] TestRidToStateCleanupOnBatchOutput.test_batch_output_allows_resubmit_after_finish
ok
test_batch_output_keeps_rid_when_not_finished (__main__.TestRidToStateCleanupOnBatchOutput.test_batch_output_keeps_rid_when_not_finished)
When a request is not yet finished, rid should remain in rid_to_state. ... [CI Test Method] TestRidToStateCleanupOnBatchOutput.test_batch_output_keeps_rid_when_not_finished
ok
test_batch_output_removes_rid_on_finish (__main__.TestRidToStateCleanupOnBatchOutput.test_batch_output_removes_rid_on_finish)
When a request finishes in _handle_batch_output, rid should be removed. ... [CI Test Method] TestRidToStateCleanupOnBatchOutput.test_batch_output_removes_rid_on_finish
ok
test_generator_built_before_finish_still_delivers_output (__main__.TestWaitOneResponseAfterStateFreed.test_generator_built_before_finish_still_delivers_output) ... [CI Test Method] TestWaitOneResponseAfterStateFreed.test_generator_built_before_finish_still_delivers_output
ok

----------------------------------------------------------------------
Ran 49 tests in 1.035s

OK
