/ssd/scxi253/q7b-engines-20260925T1247Z/envs/sglang312/bin/python -m research.selector_v4.system_artifact.bootstrap --out artifact/generated-paracloud
Collecting contourpy==1.3.0 (from -r /ssd/scxi253/sgi-system-artifact-b9cfd557-20261002/artifact/requirements.lock (line 2))
  Downloading contourpy-1.3.0-cp312-cp312-manylinux_2_17_x86_64.manylinux2014_x86_64.whl (320 kB)
Collecting cycler==0.12.1 (from -r /ssd/scxi253/sgi-system-artifact-b9cfd557-20261002/artifact/requirements.lock (line 68))
  Using cached cycler-0.12.1-py3-none-any.whl (8.3 kB)
Collecting fonttools==4.60.2 (from -r /ssd/scxi253/sgi-system-artifact-b9cfd557-20261002/artifact/requirements.lock (line 71))
  Downloading fonttools-4.60.2-cp312-cp312-manylinux1_x86_64.manylinux2014_x86_64.manylinux_2_17_x86_64.manylinux_2_5_x86_64.whl (4.9 MB)
     ━━━━━━━━━━━━━━━━━━━━━━━━━━━━━━━━━━━━━━━━ 4.9/4.9 MB 7.0 MB/s eta 0:00:00
Collecting importlib_resources==6.5.2 (from -r /ssd/scxi253/sgi-system-artifact-b9cfd557-20261002/artifact/requirements.lock (line 130))
  Downloading importlib_resources-6.5.2-py3-none-any.whl (37 kB)
Collecting kiwisolver==1.4.7 (from -r /ssd/scxi253/sgi-system-artifact-b9cfd557-20261002/artifact/requirements.lock (line 133))
  Downloading kiwisolver-1.4.7-cp312-cp312-manylinux_2_17_x86_64.manylinux2014_x86_64.whl (1.5 MB)
     ━━━━━━━━━━━━━━━━━━━━━━━━━━━━━━━━━━━━━━━━ 1.5/1.5 MB 1.8 MB/s eta 0:00:00
Collecting matplotlib==3.9.4 (from -r /ssd/scxi253/sgi-system-artifact-b9cfd557-20261002/artifact/requirements.lock (line 248))
  Downloading matplotlib-3.9.4-cp312-cp312-manylinux_2_17_x86_64.manylinux2014_x86_64.whl (8.3 MB)
     ━━━━━━━━━━━━━━━━━━━━━━━━━━━━━━━━━━━━━━━━ 8.3/8.3 MB 12.4 MB/s eta 0:00:00
Collecting numpy==2.0.2 (from -r /ssd/scxi253/sgi-system-artifact-b9cfd557-20261002/artifact/requirements.lock (line 290))
  Using cached numpy-2.0.2-cp312-cp312-manylinux_2_17_x86_64.manylinux2014_x86_64.whl (19.2 MB)
Collecting packaging==26.3 (from -r /ssd/scxi253/sgi-system-artifact-b9cfd557-20261002/artifact/requirements.lock (line 336))
  Using cached packaging-26.3-py3-none-any.whl (129 kB)
Collecting pillow==11.3.0 (from -r /ssd/scxi253/sgi-system-artifact-b9cfd557-20261002/artifact/requirements.lock (line 339))
  Using cached pillow-11.3.0-cp312-cp312-manylinux_2_27_x86_64.manylinux_2_28_x86_64.whl (6.6 MB)
Collecting pyparsing==3.3.3 (from -r /ssd/scxi253/sgi-system-artifact-b9cfd557-20261002/artifact/requirements.lock (line 446))
  Using cached pyparsing-3.3.3-py3-none-any.whl (126 kB)
Collecting python-dateutil==2.9.0.post0 (from -r /ssd/scxi253/sgi-system-artifact-b9cfd557-20261002/artifact/requirements.lock (line 449))
  Using cached python_dateutil-2.9.0.post0-py2.py3-none-any.whl (229 kB)
Collecting six==1.17.0 (from -r /ssd/scxi253/sgi-system-artifact-b9cfd557-20261002/artifact/requirements.lock (line 452))
  Using cached six-1.17.0-py2.py3-none-any.whl (11 kB)
Collecting zipp==3.23.1 (from -r /ssd/scxi253/sgi-system-artifact-b9cfd557-20261002/artifact/requirements.lock (line 455))
  Downloading zipp-3.23.1-py3-none-any.whl (10 kB)
Installing collected packages: zipp, six, pyparsing, pillow, packaging, numpy, kiwisolver, importlib_resources, fonttools, cycler, python-dateutil, contourpy, matplotlib
Successfully installed contourpy-1.3.0 cycler-0.12.1 fonttools-4.60.2 importlib_resources-6.5.2 kiwisolver-1.4.7 matplotlib-3.9.4 numpy-2.0.2 packaging-26.3 pillow-11.3.0 pyparsing-3.3.3 python-dateutil-2.9.0.post0 six-1.17.0 zipp-3.23.1

[notice] A new release of pip is available: 25.0.1 -> 26.2.1
[notice] To update, run: /ssd/scxi253/sgi-system-artifact-b9cfd557-20261002/artifact/.venv/bin/python -m pip install --upgrade pip
{"out": "artifact/generated-paracloud", "figures": 6, "fold_records": 144, "native_cap_unmeasured_folds": 36, "qualification_authority": false}
